[36mvite v7.3.1 [32mbuilding client environment for production...[36m[39m
transforming...
node.exe : [33msrc/components/ui/StatCard.tsx 
(2:9): "LucideIcon" is not exported by "node_modules
/lucide-react/dist/esm/lucide-react.js", imported 
by "src/components/ui/StatCard.tsx".[39m
At line:1 char:1
+ & "C:\Program Files\nodejs/node.exe" "C:\Program 
Files\nodejs/node_mo ...
+ ~~~~~~~~~~~~~~~~~~~~~~~~~~~~~~~~~~~~~~~~~~~~~~~~~~
~~~~~~~~~~~~~~~~~~~
    + CategoryInfo          : NotSpecified: 
([33msrc    /compon...Card.tsx".[39m:String) [], 
RemoteExcep    tion
    + FullyQualifiedErrorId : NativeCommandError
 
[32mΓ£ô[39m 1772 modules transformed.
rendering chunks...
computing gzip size...
[2mdist/[22m[32mindex.html                 [39m[1m[2m  0.84 kB[22m[1m[22m[2m Γöé gzip:  0.48 kB[22m
[2mdist/[22m[35massets/index-CKZrkZZH.css  [39m[1m[2m 82.07 kB[22m[1m[22m[2m Γöé gzip: 14.28 kB[22m
[2mdist/[22m[36massets/index-BcCOH81o.js   [39m[1m[2m344.38 kB[22m[1m[22m[2m Γöé gzip: 99.89 kB[22m
[32mΓ£ô built in 7.19s[39m
