
> frontend@0.0.0 build
> tsc -b && vite build

src/components/ui/ActivityCard.tsx(1,1): error TS6133: 'React' is declared but its value is never read.
src/components/ui/AlertItem.tsx(1,1): error TS6133: 'React' is declared but its value is never read.
src/components/ui/MedicationItem.tsx(1,1): error TS6133: 'React' is declared but its value is never read.
src/components/ui/StatCard.tsx(1,1): error TS6133: 'React' is declared but its value is never read.
src/components/ui/StatCard.tsx(2,10): error TS1484: 'LucideIcon' is a type and must be imported using a type-only import when 'verbatimModuleSyntax' is enabled.
src/pages/CaregiverDashboard.tsx(3,5): error TS6133: 'Users' is declared but its value is never read.
src/pages/CaregiverDashboard.tsx(4,5): error TS6133: 'ClipboardList' is declared but its value is never read.
src/pages/CaregiverDashboard.tsx(5,5): error TS6133: 'AlertTriangle' is declared but its value is never read.
src/pages/CaregiverDashboard.tsx(82,11): error TS6133: 'unreadAlertsCount' is declared but its value is never read.
src/pages/MedicationsPage.tsx(106,35): error TS2304: Cannot find name 'Check'.
src/pages/PatientDashboard.tsx(94,36): error TS6133: 'i' is declared but its value is never read.
src/pages/ScreeningPage.tsx(4,5): error TS6133: 'ChevronRight' is declared but its value is never read.
